../Core/Src/main.c:70:5:main	8	static
../Core/Src/main.c:124:6:SystemClock_Config	88	static
../Core/Src/main.c:165:13:MX_NVIC_Init	8	static
../Core/Src/main.c:186:13:MX_TIM2_Init	32	static
../Core/Src/main.c:231:13:MX_TIM3_Init	32	static
../Core/Src/main.c:276:13:MX_TIM4_Init	32	static
../Core/Src/main.c:321:13:MX_GPIO_Init	40	static
../Core/Src/main.c:348:6:HAL_GPIO_EXTI_Callback	16	static
../Core/Src/main.c:360:6:HAL_TIM_PeriodElapsedCallback	16	static
../Core/Src/main.c:398:6:Error_Handler	4	static,ignoring_inline_asm
